@0+1 keys=[NSColor]
@0+10 keys=[NSParagraphStyle]
@1+1 keys=[NSColor]
@2+1 keys=[NSColor]
@2+3 keys=[NSColor,TaskCheckbox]
@3+1 keys=[NSColor]
@4+1 keys=[NSColor]
@11+1 keys=[NSColor]
@11+10 keys=[NSParagraphStyle]
@12+1 keys=[NSColor]
@13+1 keys=[NSColor]
@13+3 keys=[NSColor,TaskCheckbox]
@14+1 keys=[NSColor]
@15+1 keys=[NSColor]
@16+6 keys=[NSStrikethrough,NSStrikethroughColor]
@22+15 keys=[NSParagraphStyle]
@24+1 keys=[NSColor]
@25+1 keys=[NSColor]
@26+1 keys=[NSColor]
@38+2 keys=[NSColor]
@38+15 keys=[NSParagraphStyle]
@40+1 keys=[NSColor]
@41+1 keys=[NSColor]
@41+3 keys=[NSColor,TaskCheckbox]
@42+1 keys=[NSColor]
@43+1 keys=[NSColor]
