@0+1 keys=[NSColor]
@0+1 keys=[NSFont,NSKern]
@0+5 keys=[NSFont]
@0+5 keys=[NSParagraphStyle]
@5+2 keys=[NSColor]
@5+2 keys=[NSFont,NSKern]
@5+6 keys=[NSFont]
@5+6 keys=[NSParagraphStyle]
@11+3 keys=[NSColor]
@11+3 keys=[NSFont,NSKern]
@11+7 keys=[NSFont]
@11+7 keys=[NSParagraphStyle]
@18+4 keys=[NSColor]
@18+4 keys=[NSFont,NSKern]
@18+8 keys=[NSFont]
@18+8 keys=[NSParagraphStyle]
@26+5 keys=[NSColor]
@26+5 keys=[NSFont,NSKern]
@26+9 keys=[NSFont]
@26+9 keys=[NSParagraphStyle]
@35+6 keys=[NSColor]
@35+6 keys=[NSFont,NSKern]
@35+10 keys=[NSFont]
@35+10 keys=[NSParagraphStyle]
