@0+1 keys=[BlockquoteLevel]
@0+2 keys=[NSColor,NSFont]
@0+17 keys=[NSParagraphStyle]
@2+14 keys=[NSColor]
@17+1 keys=[BlockquoteLevel]
@17+3 keys=[NSColor,NSFont]
@17+16 keys=[NSParagraphStyle]
@20+12 keys=[NSColor]
@33+1 keys=[BlockquoteLevel]
@33+4 keys=[NSColor,NSFont]
@33+9 keys=[NSParagraphStyle]
@37+4 keys=[NSColor]
