@0+1 keys=[NSColor]
@0+1 keys=[NSFont,NSKern]
@0+24 keys=[NSFont]
@0+24 keys=[NSParagraphStyle]
@13+1 keys=[NSFont,NSKern]
@14+8 keys=[NSFont]
@22+1 keys=[NSFont,NSKern]
@42+2 keys=[NSFont,NSKern]
@44+4 keys=[NSFont]
@48+2 keys=[NSFont,NSKern]
@52+1 keys=[NSFont,NSKern]
@53+10 keys=[NSFont]
@63+1 keys=[NSFont,NSKern]
@66+1 keys=[NSColor,NSFont]
@67+4 keys=[NSBackgroundColor,NSFont]
@71+1 keys=[NSColor,NSFont]
@76+1 keys=[NSColor]
@76+1 keys=[NSFont,NSKern]
@76+31 keys=[NSSpellingState]
@77+4 keys=[NSColor,NSLink,NSUnderline]
@81+1 keys=[NSColor]
@81+1 keys=[NSFont,NSKern]
@82+1 keys=[NSColor]
@82+1 keys=[NSFont,NSKern]
@82+25 keys=[NSColor,NSFont]
@83+24 keys=[NSLink]
@106+1 keys=[NSColor]
@106+1 keys=[NSFont,NSKern]
@111+1 keys=[NSColor]
@111+2 keys=[NSColor]
@111+2 keys=[NSFont,NSKern]
@111+20 keys=[NSSpellingState]
@112+1 keys=[NSColor]
@113+1 keys=[NSColor]
@113+8 keys=[NSColor]
@114+1 keys=[NSColor]
@115+1 keys=[NSColor]
@116+1 keys=[NSColor]
@117+1 keys=[NSColor]
@118+1 keys=[NSColor]
@119+1 keys=[NSColor]
@120+1 keys=[NSColor]
@121+1 keys=[NSColor]
@122+1 keys=[NSColor]
@123+1 keys=[NSColor]
@124+1 keys=[NSColor]
@125+1 keys=[NSColor]
@126+1 keys=[NSColor]
@127+1 keys=[NSColor]
@128+1 keys=[NSColor]
@129+1 keys=[NSColor]
@129+2 keys=[NSColor]
@129+2 keys=[NSFont,NSKern]
@136+3 keys=[NSColor]
@137+1 keys=[NSColor]
@138+1 keys=[NSColor]
@139+1 keys=[NSColor]
@140+1 keys=[NSColor]
@141+1 keys=[NSColor]
@142+1 keys=[NSColor]
@143+1 keys=[NSColor]
@144+1 keys=[NSColor]
@144+2 keys=[NSColor]
@164+1 keys=[NSColor]
@164+10 keys=[NSSpellingState]
@173+1 keys=[NSColor]
@177+1 keys=[BlockquoteLevel]
@177+2 keys=[NSColor,NSFont]
@177+45 keys=[NSParagraphStyle]
@179+42 keys=[NSColor]
@197+2 keys=[NSFont,NSKern]
@199+6 keys=[NSStrikethrough,NSStrikethroughColor]
@205+2 keys=[NSFont,NSKern]
@212+2 keys=[NSFont,NSKern]
@214+4 keys=[NSFont]
@218+2 keys=[NSFont,NSKern]
@223+10 keys=[NSColor,NSFont]
@223+48 keys=[NSBackgroundColor,NSFont,NSParagraphStyle]
@268+3 keys=[NSColor,NSFont]
@273+1 keys=[NSColor]
@273+22 keys=[NSParagraphStyle]
@274+1 keys=[NSColor]
@275+1 keys=[NSColor]
@275+3 keys=[NSColor,TaskCheckbox]
@276+1 keys=[NSColor]
@277+1 keys=[NSColor]
@289+1 keys=[NSColor,NSFont]
@290+4 keys=[NSBackgroundColor,NSFont]
@294+1 keys=[NSColor,NSFont]
@296+1 keys=[NSColor]
@296+10 keys=[NSParagraphStyle]
@297+1 keys=[NSColor]
@298+1 keys=[NSColor]
@298+3 keys=[NSColor,TaskCheckbox]
@299+1 keys=[NSColor]
@300+1 keys=[NSColor]
@301+6 keys=[NSStrikethrough,NSStrikethroughColor]
@308+1 keys=[LatexImageBounds,LatexIsBlock,LatexRenderedImage,NSColor,NSFont,NSKern]
@308+14 keys=[NSParagraphStyle]
@308+41 keys=[NSSpellingState]
@309+40 keys=[NSColor,NSFont,NSKern]
@322+14 keys=[NSParagraphStyle]
@336+14 keys=[NSParagraphStyle]
@351+3 keys=[NSColor,ThematicBreak]
@351+3 keys=[NSParagraphStyle]
@372+1 keys=[NSFont,NSKern]
@381+1 keys=[NSFont,NSKern]
